
> app@0.1.0 prebuild
> node verify-security.js

🔒 Running Security Verification...

✅ .env.local exists
✅ .env.local is not tracked by git
✅ No sensitive keys have NEXT_PUBLIC_ prefix

🔍 Scanning for unsafe service role key usage...
✅ No unsafe service role key usage found in client code

==================================================
✅ All security checks passed!

📋 Next steps for production:
   1. Set environment variables in Vercel
   2. Mark sensitive keys as "Sensitive"
   3. Enable Supabase RLS on all tables
   4. Review SECURITY.md for best practices

> app@0.1.0 build
> next build

  ▲ Next.js 14.2.31
  - Environments: .env.local

   Creating an optimized production build ...
 ✓ Compiled successfully
   Linting and checking validity of types ...

./src/app/calendar/page.tsx
270:6  Warning: React Hook useEffect has a missing dependency: 'currentDate'. Either include it or remove the dependency array.  react-hooks/exhaustive-deps

./src/app/contact/page.tsx
15:15  Warning: `'` can be escaped with `&apos;`, `&lsquo;`, `&#39;`, `&rsquo;`.  react/no-unescaped-entities

./src/app/dashboard/page.tsx
97:6  Warning: React Hook useCallback has an unnecessary dependency: 'user'. Either exclude it or remove the dependency array.  react-hooks/exhaustive-deps

./src/app/forgot-password/page.tsx
77:52  Warning: `'` can be escaped with `&apos;`, `&lsquo;`, `&#39;`, `&rsquo;`.  react/no-unescaped-entities
131:23  Warning: `'` can be escaped with `&apos;`, `&lsquo;`, `&#39;`, `&rsquo;`.  react/no-unescaped-entities

./src/app/pricing/page.tsx
120:41  Warning: `'` can be escaped with `&apos;`, `&lsquo;`, `&#39;`, `&rsquo;`.  react/no-unescaped-entities

./src/app/privacy/page.tsx
22:28  Warning: `"` can be escaped with `&quot;`, `&ldquo;`, `&#34;`, `&rdquo;`.  react/no-unescaped-entities
22:32  Warning: `"` can be escaped with `&quot;`, `&ldquo;`, `&#34;`, `&rdquo;`.  react/no-unescaped-entities
22:34  Warning: `"` can be escaped with `&quot;`, `&ldquo;`, `&#34;`, `&rdquo;`.  react/no-unescaped-entities
22:39  Warning: `"` can be escaped with `&quot;`, `&ldquo;`, `&#34;`, `&rdquo;`.  react/no-unescaped-entities
22:44  Warning: `"` can be escaped with `&quot;`, `&ldquo;`, `&#34;`, `&rdquo;`.  react/no-unescaped-entities
22:47  Warning: `"` can be escaped with `&quot;`, `&ldquo;`, `&#34;`, `&rdquo;`.  react/no-unescaped-entities
134:82  Warning: `'` can be escaped with `&apos;`, `&lsquo;`, `&#39;`, `&rsquo;`.  react/no-unescaped-entities
150:168  Warning: `"` can be escaped with `&quot;`, `&ldquo;`, `&#34;`, `&rdquo;`.  react/no-unescaped-entities
150:181  Warning: `"` can be escaped with `&quot;`, `&ldquo;`, `&#34;`, `&rdquo;`.  react/no-unescaped-entities

./src/app/refund/page.tsx
40:77  Warning: `'` can be escaped with `&apos;`, `&lsquo;`, `&#39;`, `&rsquo;`.  react/no-unescaped-entities
52:77  Warning: `'` can be escaped with `&apos;`, `&lsquo;`, `&#39;`, `&rsquo;`.  react/no-unescaped-entities
90:55  Warning: `'` can be escaped with `&apos;`, `&lsquo;`, `&#39;`, `&rsquo;`.  react/no-unescaped-entities
104:136  Warning: `'` can be escaped with `&apos;`, `&lsquo;`, `&#39;`, `&rsquo;`.  react/no-unescaped-entities
126:117  Warning: `'` can be escaped with `&apos;`, `&lsquo;`, `&#39;`, `&rsquo;`.  react/no-unescaped-entities

./src/app/shipping/page.tsx
94:29  Warning: `'` can be escaped with `&apos;`, `&lsquo;`, `&#39;`, `&rsquo;`.  react/no-unescaped-entities
133:29  Warning: `'` can be escaped with `&apos;`, `&lsquo;`, `&#39;`, `&rsquo;`.  react/no-unescaped-entities
164:160  Warning: `"` can be escaped with `&quot;`, `&ldquo;`, `&#34;`, `&rdquo;`.  react/no-unescaped-entities
164:173  Warning: `"` can be escaped with `&quot;`, `&ldquo;`, `&#34;`, `&rdquo;`.  react/no-unescaped-entities

./src/app/terms/page.tsx
22:51  Warning: `"` can be escaped with `&quot;`, `&ldquo;`, `&#34;`, `&rdquo;`.  react/no-unescaped-entities
22:63  Warning: `"` can be escaped with `&quot;`, `&ldquo;`, `&#34;`, `&rdquo;`.  react/no-unescaped-entities

./src/app/test-ai/page.tsx
119:64  Warning: `'` can be escaped with `&apos;`, `&lsquo;`, `&#39;`, `&rsquo;`.  react/no-unescaped-entities

./src/components/AdminUsageStats.tsx
232:53  Warning: `'` can be escaped with `&apos;`, `&lsquo;`, `&#39;`, `&rsquo;`.  react/no-unescaped-entities

./src/components/AIBreakdownModal.tsx
54:6  Warning: React Hook useEffect has missing dependencies: 'loadPlanInfo' and 'loadUserSubjects'. Either include them or remove the dependency array.  react-hooks/exhaustive-deps
762:30  Warning: `"` can be escaped with `&quot;`, `&ldquo;`, `&#34;`, `&rdquo;`.  react/no-unescaped-entities
762:41  Warning: `"` can be escaped with `&quot;`, `&ldquo;`, `&#34;`, `&rdquo;`.  react/no-unescaped-entities

./src/components/analytics/AnalyticsDebugger.tsx
224:6  Warning: React Hook useEffect has a missing dependency: 'runDiagnostics'. Either include it or remove the dependency array.  react-hooks/exhaustive-deps
294:46  Warning: `"` can be escaped with `&quot;`, `&ldquo;`, `&#34;`, `&rdquo;`.  react/no-unescaped-entities
294:62  Warning: `"` can be escaped with `&quot;`, `&ldquo;`, `&#34;`, `&rdquo;`.  react/no-unescaped-entities

./src/components/analytics/EnhancedProgressRing.tsx
95:6  Warning: React Hook useEffect has a missing dependency: 'playSuccessSound'. Either include it or remove the dependency array.  react-hooks/exhaustive-deps

./src/components/analytics/FallbackAnalytics.tsx
204:13  Warning: `'` can be escaped with `&apos;`, `&lsquo;`, `&#39;`, `&rsquo;`.  react/no-unescaped-entities

./src/components/ChapterItem.tsx
47:6  Warning: React Hook useEffect has missing dependencies: 'chapter.title' and 'showError'. Either include them or remove the dependency array.  react-hooks/exhaustive-deps

./src/components/FocusEnhancement/BreathingExercise.tsx
108:6  Warning: React Hook useEffect has a missing dependency: 'startExercise'. Either include it or remove the dependency array.  react-hooks/exhaustive-deps

./src/components/FocusEnhancement/EyeStrainReminder.tsx
65:6  Warning: React Hook useEffect has a missing dependency: 'triggerReminder'. Either include it or remove the dependency array.  react-hooks/exhaustive-deps
86:6  Warning: React Hook useEffect has a missing dependency: 'completeExercise'. Either include it or remove the dependency array.  react-hooks/exhaustive-deps

./src/components/FocusEnhancement/SmartBreakSuggestions.tsx
182:6  Warning: React Hook useEffect has a missing dependency: 'getCurrentTimeOfDay'. Either include it or remove the dependency array.  react-hooks/exhaustive-deps

./src/components/NewTaskModal.tsx
75:6  Warning: React Hook useEffect has a missing dependency: 'error'. Either include it or remove the dependency array.  react-hooks/exhaustive-deps

./src/components/PomodoroTimer.tsx
67:6  Warning: React Hook useEffect has a missing dependency: 'handleSessionComplete'. Either include it or remove the dependency array.  react-hooks/exhaustive-deps

./src/components/PomodoroWidget.tsx
37:6  Warning: React Hook useEffect has a missing dependency: 'handleSessionComplete'. Either include it or remove the dependency array.  react-hooks/exhaustive-deps

./src/components/SubjectModal.tsx
55:6  Warning: React Hook useEffect has a missing dependency: 'loadPlanInfo'. Either include it or remove the dependency array.  react-hooks/exhaustive-deps

./src/hooks/useCelebration.ts
48:6  Warning: React Hook useCallback has missing dependencies: 'playSuccessSound' and 'triggerConfetti'. Either include them or remove the dependency array.  react-hooks/exhaustive-deps

./src/hooks/usePerformance.ts
12:10  Warning: React Hook useCallback received a function whose dependencies are unknown. Pass an inline function instead.  react-hooks/exhaustive-deps
36:10  Warning: React Hook useCallback received a function whose dependencies are unknown. Pass an inline function instead.  react-hooks/exhaustive-deps
66:28  Warning: React Hook useCallback has a missing dependency: 'callback'. Either include it or remove the dependency array.  react-hooks/exhaustive-deps

info  - Need to disable some ESLint rules? Learn more here: https://nextjs.org/docs/basic-features/eslint#disabling-rules
Failed to compile.

./src/components/WeeklyView.tsx:392:13
Type error: Type '{ key: string; task: CalendarTask; style: { backgroundColor: `${string}30`; borderLeft: string; accentColor?: AccentColor | undefined; alignContent?: AlignContent | undefined; ... 820 more ...; vectorEffect?: VectorEffect | undefined; }; onClick: () => void; onContextMenu: (e: any) => void; }' is not assignable to type 'IntrinsicAttributes & { task: CalendarTask; style: CSSProperties; onClick: () => void; }'.
  Property 'onContextMenu' does not exist on type 'IntrinsicAttributes & { task: CalendarTask; style: CSSProperties; onClick: () => void; }'.

[0m [90m 390 |[39m               onTaskClick(task[33m,[39m startDate[33m,[39m endDate)[33m;[39m[0m
[0m [90m 391 |[39m             }}[0m
[0m[31m[1m>[22m[39m[90m 392 |[39m             onContextMenu[33m=[39m{(e) [33m=>[39m {[0m
[0m [90m     |[39m             [31m[1m^[22m[39m[0m
[0m [90m 393 |[39m               e[33m.[39mpreventDefault()[33m;[39m[0m
[0m [90m 394 |[39m               [90m// Right-click opens task detail modal for quick editing[39m[0m
[0m [90m 395 |[39m               [36mconst[39m startDate [33m=[39m [36mnew[39m [33mDate[39m([32m`${task.scheduled_date}T${task.start_time}`[39m)[33m;[39m[0m
Next.js build worker exited with code: 1 and signal: null
